// Jest Snapshot v1, https://goo.gl/fbAQLP

exports[`<Item /> should match the snapshot 1`] = `
<ItemStyles__Item>
  <img
    alt="dogs are best"
    src="dog-small.jpg"
  />
  <Title>
    <Link
      href={
        Object {
          "pathname": "/item",
          "query": Object {
            "id": "abc123",
          },
        }
      }
    >
      <a>
        dogs are best
      </a>
    </Link>
  </Title>
  <PriceTag>
    $50
  </PriceTag>
  <p>
    dogs
  </p>
  <div
    className="buttonList"
  >
    <Link
      href={
        Object {
          "pathname": "/update",
          "query": Object {
            "id": "abc123",
          },
        }
      }
    >
      <a>
        Edit ✏️
      </a>
    </Link>
    <AddToCart
      id="abc123"
    />
    <DeleteItem
      id="abc123"
    >
      Delete ❌
    </DeleteItem>
  </div>
</ItemStyles__Item>
`;
